BBBBBBBBBBBBBBBBBBBBBBBBBBBBBBBBBBBBBBBBBBBBBBBBBBBBBBBBBBBBBBBBBBBBBBBBBBBBBBBBBB
B................................................................................B
B................................................................................B
B................................................................................B
B................................................................................B
B................................................................................B
B................................................................................B
B................................................................................B
B................................................................................B
B................................................................................B
B...........................................................?.F.M.....p..........B
B.....................................................................BB.........B
B..........................................................ooo.....g..BB.roo!....B
B.........................................................BBBBBBBBBBBBBBBBBBBBB..B
B................................................................................B
B..................................................oo............................B
B.................................................BBBBBBB........................B
B................................................................................B
B..........................................................oo....................B
B.........................................................BBBBBBB................B
B................................................................................B
B..................................................oo..r.........................B
B.................................................BBBBBBB........................B
B................................................................................B
B..........................................................oo.g..................B
B.........................................................BBBBBBB................B
B................................................................................B
B..................................................oo............................B
B.................................................BBBBBBB........................B
B................................................................................B
B..........................................................oo..r.................B
B...........?............................?.F.........?....BBBBBBB................B
B................................................................................B
B..........o.o...........................oro.......oo..r.........................B
B.........?BMB?........p....?...........BBBBB.....BBBBBBB........................B
B......................BB.........B..............................................B
B..P..ooo........g..g..BB..ooo.g.BB....oo..k....oo..........k.....g..............B
BBBBBBBBBBBBBBBBBBBBBBBBBBBBBBBBBBB...BBBBBBB...BBBBBBBBBBBBBBBBBBBBBBBBBBBBBBBBBB
BBBBBBBBBBBBBBBBBBBBBBBBBBBBBBBBBBB...BBBBBBB...BBBBBBBBBBBBBBBBBBBBBBBBBBBBBBBBBB
BBBBBBBBBBBBBBBBBBBBBBBBBBBBBBBBBBB...BBBBBBB...BBBBBBBBBBBBBBBBBBBBBBBBBBBBBBBBBB
