BBBBBBBBBBBBBBBBBBBBBBBBBBBBBBBBBBB
B.................................B
B.................................B
B...........???????????...........B
B.......ooooooooooooooooooo.......B
B.......ooooooooooooooooooo.......B
B.................................B
B..............M...F..............B
B....BBBBBBBBBBBBBBBBBBBBBBBBB....B
B.................................B
B...................BB............B
B.....o...o...o...o...o...o.......B
B...........B?....................B
B.................................B
B...BB............................B
B.................................B
B...........................BF....B
B.................................B
B...................BB............B
B.....o...o...o...o...o...o.......B
B...........B?....................B
B.................................B
B...BB............................B
B.................................B
B...........................BF....B
B.................................B
B...................BB............B
B.....o...o...o...o...o...o.......B
B...........B?....................B
B.................................B
B...BB............................B
B.................................B
B...........................BF....B
B.................................B
B..............o....BB............B
B.....o...o...oMB.o...o...o.......B
B...........B?....................B
B......................o..........B
B...BB................BFB.........B
B.................................B
B........o........................B
B.......B?B.......................B
B.................................B
B..............o..................B
B.............BMB.................B
B.................................B
B......................o..........B
B.....................BFB.........B
B.................................B
B........o........................B
B.......B?B.......................B
B.................................B
B..............o..................B
B.............BMB.................B
B.................................B
B......................o..........B
B.....................BFB.........B
B.................................B
B........o........................B
B.......B?B.......................B
B.................................B
B..............o..................B
B.............BMB.................B
B.................................B
B......................o..........B
B.....................BFB.........B
B.................................B
B........o........................B
B.......B?B.......................B
B.................................B
B.................................B
B.................................B
B...o.o.o.o.o.....................B
B.................................B
B.BBBBBBBBBBBBBB..................B
B.................................B
B.................................B
B...................o.o.o.o.o.....B
B.................................B
B.................BBBBBBBBBBBBBB..B
B.................................B
B.................................B
B...o.o.o.o.o.....................B
B.................................B
B.BBBBBBBBBBBBBB..................B
B.................................B
B.................................B
B...................o.o.o.o.o.....B
B.................................B
B.................BBBBBBBBBBBBBB..B
B.................................B
B.................................B
B...o.o.o.o.o.....................B
B.................................B
B.BBBBBBBBBBBBBB..................B
B.................................B
B.................................B
B...................o.o.o.o.o.....B
B.................................B
B.................BBBBBBBBBBBBBB..B
B.................................B
B.................................B
B...o.o.o.o.o.....................B
B.................................B
B.B?BB?BB?BB?BB?..................B
B.................................B
B....oo...........................B
B.................................B
B.................................B
B.................................B
B.........BBB.....................B
B.................................B
B.................................B
B.................................B
B....?M?..........................B
B.................................B
B.................................B
B.................................B
BBBBBBBBBBBBBBBBBBBBBBBBBBBBBBBBBBB
BBBBBBBBBBBBBBBBBBBBBBBBBBBBBBBBBBB
