BBBBBBBBBBBBBBBBBBBBBBBBBBBBBBBBBBBBBBBBBBBBBBBBBBBBBBBBBBBBBBBBBBBBBBBBBBBBBBBBBBBBBBBBBB
B........................................................................................B
B........................................................................................B
B........................................................................................B
B........................................................................................B
B........................................................................................B
B........................................................................................B
B........................................................................................B
B.....o..............................................................................o...B
B........................................................................................B
B........................................................................................B
B....?M?.............................................................................?F..B
B........................................................................................B
B........................................................................................B
B...........................o............................................................B
BBBBBBBBBBBBBBBBBBBBBBBBBBBB...............BBBBB...................................BBBBBBB
BBBBBBBBBBBBBBBBBBBBBBBBBBBBBB.............BBBBB...................................BBBBBBB
BBBBBBBBBBBBBBBBBBBBBBBBBBBB.o.............BBBBB....................................BB...B
BBBBBBBBBBBBBBBBBBBBBBBBBBBB...............BBBBB...................................o.....B
BBBBBBBBBBBBBBBBBBBBBBBBBBBB.BB............BBBBB.........................................B
BBBBBBBBBBBBBBBBBBBBBBBBBBBB..o............BBBBB...................................BB....B
BBBBBBBBBBBBBBBBBBBBBBBBBBBB...............BBBBB..................................o......B
BBBBBBBBBBBBBBBBBBBBBBBBBBBB..BB...........BBBBB.........................................B
BBBBBBBBBBBBBBBBBBBBBBBBBBBB...o...........BBBBB..................................BB.....B
BBBBBBBBBBBBBBBBBBBBBBBBBBBB...............BBBBB.................................o.......B
BBBBBBBBBBBBBBBBBBBBBBBBBBBB...BB..........BBBBB.........................................B
BBBBBBBBBBBBBBBBBBBBBBBBBBBB....o..........BBBBB.................................BB......B
BBBBBBBBBBBBBBBBBBBBBBBBBBBB...............BBBBB................................o........B
BBBBBBBBBBBBBBBBBBBBBBBBBBBB....BB.........BBBBB.........................................B
BBBBBBBBBBBBBBBBBBBBBBBBBBBB.....o.........BBBBB................................BB.......B
B..........................................BBBBBBBBBBBBBBBBBBBBBBBBBBBBBBBB....o.........B
B................................BB........BBBBBBBBBBBBBBBBBBBBBBBBBBBBBBBB..............B
B.................................o........BBBBBBBBBBBBBBBBBBBBBBBBBBBBBBBB....BB........B
B..........................................BBBBBBBBBBBBBBBBBBBBBBBBBBBBBBBB...o..........B
B.................................BB.......BBBBBBBBBBBBBBBBBBBBBBBBBBBBBBBB..............B
B..................................o.......BBBBB..............................BB.........B
B..........................................BBBBB.............................o...........B
B..................................BB......BBBBB.........................................B
B...................................o......BBBBB....o.......oooooooooooo.....BB..........B
B..........................................BBBBB............oooooooooooo....o............B
B...................................BB...................................................B
B....................................o.............BFB.........M....F.......BB...........B
B.......................................?M?.................BBBBBBBBBBBB...o.............B
B....................................BB..................................................B
B..........................................................................BB............B
B........................................................................................B
B..................................BBBBBBBBBBBBBBB......BBBBBBBBBBBBBBBBBBBBBB...........B
B..................................BBBBBBBBBBBBBBB......BBBBBBBBBBBBBBBBBBBBBB...........B
B........................................................................................B
BBBBBBBBBBBBBBBBBBBBBBBBBBBBBBBBBBBBBBBBBBBBBBBBBBBBBBBBBBBBBBBBBBBBBBBBBBBBBBBBBBBBBBBBBB
